sairam.rugada@INA133SLHH MINGW64 /d/wamp/www/git_learning/project (master)
$ git init
Initialized empty Git repository in D:/wamp/www/git_learning/project/.git/

sairam.rugada@INA133SLHH MINGW64 /d/wamp/www/git_learning/project (master)
$ git status
On branch master

Initial commit

Untracked files:
  (use "git add <file>..." to include in what will be committed)

        homepage.html

nothing added to commit but untracked files present (use "git add" to track)

sairam.rugada@INA133SLHH MINGW64 /d/wamp/www/git_learning/project (master)
$ git add homepage.html

sairam.rugada@INA133SLHH MINGW64 /d/wamp/www/git_learning/project (master)
$ git commit -m "added homepage file"
[master (root-commit) b0075db] added homepage file
 1 file changed, 10 insertions(+)
 create mode 100644 homepage.html

sairam.rugada@INA133SLHH MINGW64 /d/wamp/www/git_learning/project (master)
$ git status
On branch master
Untracked files:
  (use "git add <file>..." to include in what will be committed)

        contact.html

nothing added to commit but untracked files present (use "git add" to track)

sairam.rugada@INA133SLHH MINGW64 /d/wamp/www/git_learning/project (master)
$ git add --all

sairam.rugada@INA133SLHH MINGW64 /d/wamp/www/git_learning/project (master)
$ git status
On branch master
Changes to be committed:
  (use "git reset HEAD <file>..." to unstage)

        new file:   contact.html


sairam.rugada@INA133SLHH MINGW64 /d/wamp/www/git_learning/project (master)
$ git commit -m "added contact page"
[master a6bd4ed] added contact page
 1 file changed, 10 insertions(+)
 create mode 100644 contact.html

sairam.rugada@INA133SLHH MINGW64 /d/wamp/www/git_learning/project (master)
$ git remote add origin https://github.com/SairamRugada/hello-world.git

sairam.rugada@INA133SLHH MINGW64 /d/wamp/www/git_learning/project (master)
$ git push -u origin master
Counting objects: 6, done.
Delta compression using up to 4 threads.
Compressing objects: 100% (5/5), done.
Writing objects: 100% (6/6), 620 bytes | 0 bytes/s, done.
Total 6 (delta 1), reused 0 (delta 0)
To https://github.com/SairamRugada/hello-world.git
 * [new branch]      master -> master
Branch master set up to track remote branch master from origin.

sairam.rugada@INA133SLHH MINGW64 /d/wamp/www/git_learning/project (master)
$ git checkout
Your branch is up-to-date with 'origin/master'.

sairam.rugada@INA133SLHH MINGW64 /d/wamp/www/git_learning/project (master)
$ git add README.md
fatal: pathspec 'README.md' did not match any files

sairam.rugada@INA133SLHH MINGW64 /d/wamp/www/git_learning/project (master)
$ git README
git: 'README' is not a git command. See 'git --help'.

sairam.rugada@INA133SLHH MINGW64 /d/wamp/www/git_learning/project (master)
$ git status
On branch master
Your branch is up-to-date with 'origin/master'.
nothing to commit, working directory clean

sairam.rugada@INA133SLHH MINGW64 /d/wamp/www/git_learning/project (master)
$ git branch contact-changes

sairam.rugada@INA133SLHH MINGW64 /d/wamp/www/git_learning/project (master)
$ git checkout contact-changes
Switched to branch 'contact-changes'

sairam.rugada@INA133SLHH MINGW64 /d/wamp/www/git_learning/project (contact-changes)
$ git add --all

sairam.rugada@INA133SLHH MINGW64 /d/wamp/www/git_learning/project (contact-changes)
$ git commit -m "contact changes"
[contact-changes 1399ab5] contact changes
 1 file changed, 1 insertion(+)

sairam.rugada@INA133SLHH MINGW64 /d/wamp/www/git_learning/project (contact-changes)
$ git checkout master
Switched to branch 'master'
Your branch is up-to-date with 'origin/master'.

sairam.rugada@INA133SLHH MINGW64 /d/wamp/www/git_learning/project (master)
$ git checkout contact-changes
Switched to branch 'contact-changes'

sairam.rugada@INA133SLHH MINGW64 /d/wamp/www/git_learning/project (contact-changes)
$ git checkout master
Switched to branch 'master'
Your branch is up-to-date with 'origin/master'.

sairam.rugada@INA133SLHH MINGW64 /d/wamp/www/git_learning/project (master)
$ git checkout contact-changes
Switched to branch 'contact-changes'

sairam.rugada@INA133SLHH MINGW64 /d/wamp/www/git_learning/project (contact-changes)
$ git merge contact-changes
Already up-to-date.

sairam.rugada@INA133SLHH MINGW64 /d/wamp/www/git_learning/project (contact-changes)
$ git checkout master
Switched to branch 'master'
Your branch is up-to-date with 'origin/master'.

sairam.rugada@INA133SLHH MINGW64 /d/wamp/www/git_learning/project (master)
$ git merge contact-changes
Updating a6bd4ed..1399ab5
Fast-forward
 contact.html | 1 +
 1 file changed, 1 insertion(+)

sairam.rugada@INA133SLHH MINGW64 /d/wamp/www/git_learning/project (master)
$ git branch -D contact-changes
Deleted branch contact-changes (was 1399ab5).

sairam.rugada@INA133SLHH MINGW64 /d/wamp/www/git_learning/project (master)
$ git branch home-changes

sairam.rugada@INA133SLHH MINGW64 /d/wamp/www/git_learning/project (master)
$ git checkout home-changes
Switched to branch 'home-changes'

sairam.rugada@INA133SLHH MINGW64 /d/wamp/www/git_learning/project (home-changes)
$ git add --all

sairam.rugada@INA133SLHH MINGW64 /d/wamp/www/git_learning/project (home-changes)
$ git commit -m "home changes"
[home-changes 6d4924a] home changes
 1 file changed, 1 insertion(+)

sairam.rugada@INA133SLHH MINGW64 /d/wamp/www/git_learning/project (home-changes)
$ git push origin home-changes
Counting objects: 12, done.
Delta compression using up to 4 threads.
Compressing objects: 100% (11/11), done.
Writing objects: 100% (12/12), 1.20 KiB | 0 bytes/s, done.
Total 12 (delta 3), reused 0 (delta 0)
To https://github.com/SairamRugada/hello-world.git
 * [new branch]      home-changes -> home-changes

sairam.rugada@INA133SLHH MINGW64 /d/wamp/www/git_learning/project (home-changes)
$ git checkout master
Switched to branch 'master'
Your branch is ahead of 'origin/master' by 1 commit.
  (use "git push" to publish your local commits)

sairam.rugada@INA133SLHH MINGW64 /d/wamp/www/git_learning/project (master)
$ git merge home-changes
Updating 1399ab5..6d4924a
Fast-forward
 homepage.html | 1 +
 1 file changed, 1 insertion(+)

sairam.rugada@INA133SLHH MINGW64 /d/wamp/www/git_learning/project (master)
$ git push origin master
To https://github.com/SairamRugada/hello-world.git
 ! [rejected]        master -> master (fetch first)
error: failed to push some refs to 'https://github.com/SairamRugada/hello-world.git'
hint: Updates were rejected because the remote contains work that you do
hint: not have locally. This is usually caused by another repository pushing
hint: to the same ref. You may want to first integrate the remote changes
hint: (e.g., 'git pull ...') before pushing again.
hint: See the 'Note about fast-forwards' in 'git push --help' for details.

sairam.rugada@INA133SLHH MINGW64 /d/wamp/www/git_learning/project (master)
$ git checkout origin master
error: pathspec 'origin' did not match any file(s) known to git.
error: pathspec 'master' did not match any file(s) known to git.

sairam.rugada@INA133SLHH MINGW64 /d/wamp/www/git_learning/project (master)
$ git checkout master
Already on 'master'
Your branch is ahead of 'origin/master' by 2 commits.
  (use "git push" to publish your local commits)

sairam.rugada@INA133SLHH MINGW64 /d/wamp/www/git_learning/project (master)
$ git origin
git: 'origin' is not a git command. See 'git --help'.

sairam.rugada@INA133SLHH MINGW64 /d/wamp/www/git_learning/project (master)
$ git checkout origin
error: pathspec 'origin' did not match any file(s) known to git.

sairam.rugada@INA133SLHH MINGW64 /d/wamp/www/git_learning/project (master)
$ git push master
warning: push.default is unset; its implicit value has changed in
Git 2.0 from 'matching' to 'simple'. To squelch this message
and maintain the traditional behavior, use:

  git config --global push.default matching

To squelch this message and adopt the new behavior now, use:

  git config --global push.default simple

When push.default is set to 'matching', git will push local branches
to the remote branches that already exist with the same name.

Since Git 2.0, Git defaults to the more conservative 'simple'
behavior, which only pushes the current branch to the corresponding
remote branch that 'git pull' uses to update the current branch.

See 'git help config' and search for 'push.default' for further information.
(the 'simple' mode was introduced in Git 1.7.11. Use the similar mode
'current' instead of 'simple' if you sometimes use older versions of Git)

fatal: 'master' does not appear to be a git repository
fatal: Could not read from remote repository.

Please make sure you have the correct access rights
and the repository exists.

sairam.rugada@INA133SLHH MINGW64 /d/wamp/www/git_learning/project (master)
$ git checkout master
Already on 'master'
Your branch is ahead of 'origin/master' by 2 commits.
  (use "git push" to publish your local commits)

sairam.rugada@INA133SLHH MINGW64 /d/wamp/www/git_learning/project (master)
$ git push origin
warning: push.default is unset; its implicit value has changed in
Git 2.0 from 'matching' to 'simple'. To squelch this message
and maintain the traditional behavior, use:

  git config --global push.default matching

To squelch this message and adopt the new behavior now, use:

  git config --global push.default simple

When push.default is set to 'matching', git will push local branches
to the remote branches that already exist with the same name.

Since Git 2.0, Git defaults to the more conservative 'simple'
behavior, which only pushes the current branch to the corresponding
remote branch that 'git pull' uses to update the current branch.

See 'git help config' and search for 'push.default' for further information.
(the 'simple' mode was introduced in Git 1.7.11. Use the similar mode
'current' instead of 'simple' if you sometimes use older versions of Git)

To https://github.com/SairamRugada/hello-world.git
 ! [rejected]        master -> master (fetch first)
error: failed to push some refs to 'https://github.com/SairamRugada/hello-world.git'
hint: Updates were rejected because the remote contains work that you do
hint: not have locally. This is usually caused by another repository pushing
hint: to the same ref. You may want to first integrate the remote changes
hint: (e.g., 'git pull ...') before pushing again.
hint: See the 'Note about fast-forwards' in 'git push --help' for details.

sairam.rugada@INA133SLHH MINGW64 /d/wamp/www/git_learning/project (master)
$ git pull
remote: Counting objects: 3, done.
remote: Compressing objects: 100% (3/3), done.
remote: Total 3 (delta 0), reused 0 (delta 0), pack-reused 0
Unpacking objects: 100% (3/3), done.
From https://github.com/SairamRugada/hello-world
   a6bd4ed..f97e817  master     -> origin/master
Merge made by the 'recursive' strategy.
 README.md | 2 ++
 1 file changed, 2 insertions(+)
 create mode 100644 README.md

sairam.rugada@INA133SLHH MINGW64 /d/wamp/www/git_learning/project (master)
$ git status
On branch master
Your branch is ahead of 'origin/master' by 3 commits.
  (use "git push" to publish your local commits)
nothing to commit, working directory clean

sairam.rugada@INA133SLHH MINGW64 /d/wamp/www/git_learning/project (master)
$ git push
warning: push.default is unset; its implicit value has changed in
Git 2.0 from 'matching' to 'simple'. To squelch this message
and maintain the traditional behavior, use:

  git config --global push.default matching

To squelch this message and adopt the new behavior now, use:

  git config --global push.default simple

When push.default is set to 'matching', git will push local branches
to the remote branches that already exist with the same name.

Since Git 2.0, Git defaults to the more conservative 'simple'
behavior, which only pushes the current branch to the corresponding
remote branch that 'git pull' uses to update the current branch.

See 'git help config' and search for 'push.default' for further information.
(the 'simple' mode was introduced in Git 1.7.11. Use the similar mode
'current' instead of 'simple' if you sometimes use older versions of Git)

Counting objects: 2, done.
Delta compression using up to 4 threads.
Compressing objects: 100% (2/2), done.
Writing objects: 100% (2/2), 376 bytes | 0 bytes/s, done.
Total 2 (delta 0), reused 0 (delta 0)
To https://github.com/SairamRugada/hello-world.git
   f97e817..a668c69  master -> master
